// Vitest Snapshot v1, https://vitest.dev/guide/snapshot.html

exports[`Hero_21 - Token Usage Validation > should render with consistent token-based classes 1`] = `
<div>
  <section
    aria-label="Main hero content with left-aligned text above full-width image"
    class="w-full "
    data-testid="hero-section"
    id="«r0»"
    role="banner"
    style="--hero-bg: #ffffff; --hero-title: #111827; --hero-desc: #4b5563; --btn-primary-bg: #4f46e5; --btn-primary-text: #ffffff; --btn-primary-border: #4f46e5; --btn-primary-hover-bg: #3730a3; --btn-primary-hover-text: #ffffff; --btn-primary-hover-border: #3730a3; --btn-secondary-bg: transparent; --btn-secondary-text: #4f46e5; --btn-secondary-border: #4f46e5; --btn-secondary-hover-bg: #4f46e5; --btn-secondary-hover-text: #ffffff; --btn-secondary-hover-border: #4f46e5;"
  >
    <div
      class="container mx-auto"
      data-testid="hero-content"
    >
      <div
        class="px-lg py-2xl lg:py-4xl"
      >
        <div
          class="max-w-3xl text-left space-y-md lg:space-y-lg"
          initial="hidden"
          transition="[object Object]"
          variants="[object Object]"
          viewport="[object Object]"
          whileinview="show"
        >
          <div
            data-testid="hero-title"
            initial="hidden"
            transition="[object Object]"
            variants="[object Object]"
            viewport="[object Object]"
            whileinview="show"
          >
            <h1
              class="text-h2-sm lg:text-h1-md font-bold break-words"
              style="color: var(--hero-title);"
            >
              Test Title
            </h1>
          </div>
          <div
            data-testid="hero-description"
            initial="hidden"
            transition="[object Object]"
            variants="[object Object]"
            viewport="[object Object]"
            whileinview="show"
          >
            <p
              class="text-para-md lg:text-para-lg leading-relaxed break-words"
              style="color: var(--hero-desc);"
            >
              Test Description
            </p>
          </div>
          <div
            aria-label="Call to action buttons"
            class="flex items-center justify-start gap-md pt-sm"
            data-testid="hero-buttons"
            initial="hidden"
            role="group"
            transition="[object Object]"
            variants="[object Object]"
            viewport="[object Object]"
            whileinview="show"
          >
            <a
              aria-label="Primary action: Get Started"
              class="inline-flex items-center justify-center font-medium transition-all duration-200 disabled:opacity-50 disabled:cursor-not-allowed leading-none text-center no-underline rounded-lg hover:shadow-lg h-[3.25rem] px-md text-btn-md lg:px-lg lg:text-btn-lg transition-all duration-200"
              href="/start"
              style="background-color: var(--btn-primary-bg); color: var(--btn-primary-text); border-color: var(--btn-primary-border); border-width: 2px; border-style: solid;"
            >
              Get Started
            </a>
            <a
              aria-label="Secondary action: Button"
              class="inline-flex items-center justify-center font-medium transition-all duration-200 disabled:opacity-50 disabled:cursor-not-allowed leading-none text-center no-underline rounded-lg hover:shadow-lg h-[3.25rem] px-md text-btn-md lg:px-lg lg:text-btn-lg transition-all duration-200"
              href="#"
              style="background-color: var(--btn-secondary-bg); color: var(--btn-secondary-text); border-color: var(--btn-secondary-border); border-width: 2px; border-style: solid;"
            >
              Button
            </a>
          </div>
        </div>
      </div>
    </div>
    <div
      class="w-full"
      data-testid="hero-image"
      initial="hidden"
      transition="[object Object]"
      variants="[object Object]"
      viewport="[object Object]"
      whileinview="show"
    >
      <img
        alt="Hero section image"
        aria-hidden="true"
        class="w-full h-auto object-cover"
        loading="lazy"
        role="presentation"
        src="/images/component-lib-images/hero/placeholder-hero-img.png"
      />
    </div>
  </section>
</div>
`;
