// Vitest Snapshot v1, https://vitest.dev/guide/snapshot.html

exports[`Hero_17 - Token Usage Validation > should render with consistent token-based classes 1`] = `
<div>
  <section
    aria-label="Main hero content with video background, heading and actions positioned left center"
    class="relative w-full min-h-screen lg:h-screen lg:overflow-hidden "
    data-testid="hero-section"
    id="«r0»"
    role="banner"
    style="--hero-overlay: rgba(0, 0, 0, 0.5); --hero-title: #ffffff; --hero-desc: rgba(255, 255, 255, 0.9); --btn-primary-bg: #4f46e5; --btn-primary-text: #ffffff; --btn-primary-border: #4f46e5; --btn-primary-hover-bg: #3730a3; --btn-primary-hover-text: #ffffff; --btn-primary-hover-border: #3730a3; --btn-secondary-bg: transparent; --btn-secondary-text: #4f46e5; --btn-secondary-border: #4f46e5; --btn-secondary-hover-bg: #4f46e5; --btn-secondary-hover-text: #ffffff; --btn-secondary-hover-border: #4f46e5; --video-play-bg: rgba(255, 255, 255, 0.9); --video-play-bg-hover: rgba(255, 255, 255, 0.95); --video-play-border: rgba(255, 255, 255, 0.3); --video-play-icon: #111827; --video-play-icon-hover: #4f46e5;"
  >
    <div
      class="absolute inset-0"
      data-testid="hero-background"
    >
      <video
        aria-hidden="true"
        class="w-full h-full object-cover object-center"
        data-testid="hero-video"
        loop=""
        playsinline=""
        poster="/images/component-lib-images/hero/video-bg-thumbnail.png"
        role="presentation"
      >
        <source
          src="/images/component-lib-images/hero/placeholder-video.mp4"
          type="video/mp4"
        />
        Your browser does not support the video tag.
      </video>
      <div
        aria-hidden="true"
        class="absolute inset-0"
        data-testid="hero-overlay"
        role="presentation"
        style="background-color: var(--hero-overlay);"
      />
    </div>
    <div
      class="absolute top-1/2 left-1/2 -translate-x-1/2 -translate-y-1/2 z-20"
      data-testid="hero-play-button"
    >
      <button
        animate="[object Object]"
        aria-label="Play video"
        class="relative flex items-center justify-center rounded-full border-2 transition-all duration-300 focus:outline-none w-20 h-20 text-icon-lg "
        initial="[object Object]"
        style="background-color: var(--video-play-bg); border-color: var(--video-play-border); color: var(--video-play-icon);"
        transition="[object Object]"
        type="button"
        whilehover="[object Object]"
        whiletap="[object Object]"
      >
        <div
          animate="[object Object]"
          class="flex items-center justify-center"
          exit="[object Object]"
          initial="[object Object]"
          transition="[object Object]"
        >
          <svg
            class="ml-1"
            fill="currentColor"
            height="1em"
            stroke="currentColor"
            stroke-width="0"
            viewBox="0 0 448 512"
            width="1em"
            xmlns="http://www.w3.org/2000/svg"
          >
            <path
              d="M424.4 214.7L72.4 6.6C43.8-10.3 0 6.1 0 47.9V464c0 37.5 40.7 60.1 72.4 41.3l352-208c31.4-18.5 31.5-64.1 0-82.6z"
            />
          </svg>
        </div>
      </button>
    </div>
    <div
      class="relative z-10 w-full h-full min-h-screen lg:h-screen py-md lg:py-2xl"
    >
      <div
        class="grid grid-cols-1 lg:grid-cols-2 h-[95vh] lg:h-full"
      >
        <div
          class="order-1 lg:order-1 flex lg:items-center px-lg pb-sm lg:pb-xl lg:px-2xl xl:px-2xl 2xl:px-4xl pt-sm lg:pt-xl"
          data-testid="hero-left-column"
          initial="hidden"
          transition="[object Object]"
          variants="[object Object]"
          viewport="[object Object]"
          whileinview="show"
        >
          <div
            class="w-full space-y-md lg:space-y-lg"
            initial="hidden"
            transition="[object Object]"
            variants="[object Object]"
            viewport="[object Object]"
            whileinview="show"
          >
            <div
              data-testid="hero-title"
              initial="hidden"
              transition="[object Object]"
              variants="[object Object]"
              viewport="[object Object]"
              whileinview="show"
            >
              <h1
                class="text-h2-sm lg:text-h1-md xl:text-h1-md font-bold break-words"
                style="color: var(--hero-title);"
              >
                Test Title
              </h1>
            </div>
            <div
              aria-label="Call to action buttons"
              class="flex gap-md"
              data-testid="hero-buttons"
              initial="hidden"
              role="group"
              transition="[object Object]"
              variants="[object Object]"
              viewport="[object Object]"
              whileinview="show"
            >
              <a
                aria-label="Primary action: Get Started"
                class="inline-flex items-center justify-center font-medium transition-all duration-200 disabled:opacity-50 disabled:cursor-not-allowed leading-none text-center no-underline rounded-lg hover:shadow-lg h-[3.25rem] px-md text-btn-md lg:px-lg lg:text-btn-lg transition-all duration-200"
                href="/start"
                style="background-color: var(--btn-primary-bg); color: var(--btn-primary-text); border-color: var(--btn-primary-border); border-width: 2px; border-style: solid;"
              >
                Get Started
              </a>
              <a
                aria-label="Secondary action: Button"
                class="inline-flex items-center justify-center font-medium transition-all duration-200 disabled:opacity-50 disabled:cursor-not-allowed leading-none text-center no-underline rounded-lg hover:shadow-lg h-[3.25rem] px-md text-btn-md lg:px-lg lg:text-btn-lg transition-all duration-200"
                href="#"
                style="background-color: var(--btn-secondary-bg); color: var(--btn-secondary-text); border-color: var(--btn-secondary-border); border-width: 2px; border-style: solid;"
              >
                Button
              </a>
            </div>
          </div>
        </div>
        <div
          class="order-2 lg:order-2 flex items-end px-lg pb-sm lg:pb-xl lg:px-2xl xl:px-3xl 2xl:px-4xl pt-sm lg:pt-xl"
          data-testid="hero-right-column"
        >
          <div
            class="w-full"
            data-testid="hero-description"
            initial="hidden"
            transition="[object Object]"
            variants="[object Object]"
            viewport="[object Object]"
            whileinview="show"
          >
            <p
              class="text-para-md lg:text-para-lg leading-relaxed break-words"
              style="color: var(--hero-desc);"
            >
              Test Description
            </p>
          </div>
        </div>
      </div>
    </div>
  </section>
</div>
`;
