// Vitest Snapshot v1, https://vitest.dev/guide/snapshot.html

exports[`Hero_02 - Token Usage Validation > should render with consistent token-based classes 1`] = `
<div>
  <section
    aria-label="Main hero content with image on left"
    class="relative w-full lg:h-screen lg:overflow-hidden "
    data-testid="hero-section"
    id="«r0»"
    role="banner"
    style="--hero-bg: #ffffff; --hero-title: #111827; --hero-desc: #4b5563; --btn-primary-bg: #4f46e5; --btn-primary-text: #ffffff; --btn-primary-border: #4f46e5; --btn-primary-hover-bg: #3730a3; --btn-primary-hover-text: #ffffff; --btn-primary-hover-border: #3730a3; --btn-secondary-bg: transparent; --btn-secondary-text: #4f46e5; --btn-secondary-border: #4f46e5; --btn-secondary-hover-bg: #4f46e5; --btn-secondary-hover-text: #ffffff; --btn-secondary-hover-border: #4f46e5;"
  >
    <div
      class="grid grid-cols-1 lg:grid-cols-2 lg:h-screen"
      style="background-color: var(--hero-bg);"
    >
      <div
        class="relative h-96 lg:h-screen order-2 lg:order-1"
      >
        <div
          class="w-full h-full"
          data-testid="hero-image-container"
          initial="hidden"
          transition="[object Object]"
          variants="[object Object]"
          viewport="[object Object]"
          whileinview="show"
        >
          <img
            alt="decorative"
            aria-hidden="true"
            class="w-full h-full lg:h-screen object-cover object-bottom"
            data-testid="hero-image"
            loading="lazy"
            role="presentation"
            src="/images/component-lib-images/hero/placeholder-img.png"
          />
        </div>
      </div>
      <div
        class="flex flex-col justify-center order-1 lg:order-2 min-h-[50vh] lg:min-h-0 px-lg lg:px-2xl xl:px-5xl 2xl:px-6xl py-xl"
        initial="hidden"
        transition="[object Object]"
        variants="[object Object]"
        viewport="[object Object]"
        whileinview="show"
      >
        <div
          class="xl:max-w-lg space-y-md lg:space-y-lg"
        >
          <div
            data-testid="hero-title"
            initial="hidden"
            transition="[object Object]"
            variants="[object Object]"
            viewport="[object Object]"
            whileinview="show"
          >
            <h1
              class="text-h2-sm lg:text-h1-md font-bold break-words"
              style="color: var(--hero-title);"
            >
              Test Title
            </h1>
          </div>
          <div
            data-testid="hero-description"
            initial="hidden"
            transition="[object Object]"
            variants="[object Object]"
            viewport="[object Object]"
            whileinview="show"
          >
            <p
              class="text-para-md lg:text-para-lg leading-relaxed break-words"
              style="color: var(--hero-desc);"
            >
              Test Description
            </p>
          </div>
          <div
            aria-label="Call to action buttons"
            class="flex flex-col md:flex-row gap-md"
            data-testid="hero-buttons"
            initial="hidden"
            role="group"
            transition="[object Object]"
            variants="[object Object]"
            viewport="[object Object]"
            whileinview="show"
          >
            <a
              aria-label="Primary action: Get Started"
              class="sc-hvigdm cjAAoF inline-flex items-center justify-center font-medium transition-all duration-200 disabled:opacity-50 disabled:cursor-not-allowed leading-none text-center no-underline rounded-lg h-[3.25rem] px-md text-btn-md lg:px-lg lg:text-btn-lg w-full md:w-auto transition-colors duration-200"
              href="/start"
              style="background-color: var(--btn-primary-bg); color: var(--btn-primary-text); border-color: var(--btn-primary-border); border-width: 2px; border-style: solid;"
            >
              Get Started
            </a>
            <a
              aria-label="Secondary action: Learn More"
              class="sc-hvigdm SOWzn inline-flex items-center justify-center font-medium transition-all duration-200 disabled:opacity-50 disabled:cursor-not-allowed leading-none text-center no-underline rounded-lg h-[3.25rem] px-md text-btn-md lg:px-lg lg:text-btn-lg w-full md:w-auto transition-colors duration-200"
              href="#learn-more"
              style="background-color: var(--btn-secondary-bg); color: var(--btn-secondary-text); border-color: var(--btn-secondary-border); border-width: 2px; border-style: solid;"
            >
              Learn More
            </a>
          </div>
        </div>
      </div>
    </div>
  </section>
</div>
`;
