// Vitest Snapshot v1, https://vitest.dev/guide/snapshot.html

exports[`Hero_04 - Token Usage Validation > should render with consistent token-based classes 1`] = `
<div>
  <section
    aria-label="Main hero content with newsletter signup and image on left"
    class="relative w-full lg:h-screen lg:overflow-hidden "
    data-testid="hero-section"
    id="«r0»"
    role="banner"
    style="--hero-bg: #ffffff; --hero-title: #111827; --hero-desc: #4b5563; --newsletter-input-bg: transparent; --newsletter-input-text: #111827; --newsletter-input-border: #d1d5db; --newsletter-input-focus-border: #3b82f6; --newsletter-input-placeholder: #6b7280; --newsletter-btn-bg: #4f46e5; --newsletter-btn-text: #ffffff; --newsletter-btn-border: #4f46e5; --newsletter-btn-hover-bg: #3730a3; --newsletter-btn-hover-text: #ffffff; --newsletter-btn-hover-border: #3730a3; --newsletter-message-text: #6b7280;"
  >
    <div
      class="w-full h-full"
    >
      <div
        class="grid grid-cols-1 lg:grid-cols-2 lg:h-screen"
        style="background-color: var(--hero-bg);"
      >
        <div
          class="relative h-96 lg:h-screen order-2 lg:order-1"
        >
          <div
            class="w-full h-full"
            data-testid="hero-image-container"
            initial="hidden"
            transition="[object Object]"
            variants="[object Object]"
            viewport="[object Object]"
            whileinview="show"
          >
            <img
              alt="decorative"
              aria-hidden="true"
              class="w-full h-full lg:h-screen object-cover object-bottom"
              data-testid="hero-image"
              loading="lazy"
              role="presentation"
              src="/images/component-lib-images/hero/placeholder-img.png"
            />
          </div>
        </div>
        <div
          class="flex flex-col justify-center order-1 lg:order-2 min-h-[50vh] lg:min-h-0 px-lg lg:px-2xl xl:px-5xl 2xl:px-6xl py-2xl"
          initial="hidden"
          transition="[object Object]"
          variants="[object Object]"
          viewport="[object Object]"
          whileinview="show"
        >
          <div
            class="xl:max-w-lg space-y-md lg:space-y-lg"
          >
            <div
              data-testid="hero-title"
              initial="hidden"
              transition="[object Object]"
              variants="[object Object]"
              viewport="[object Object]"
              whileinview="show"
            >
              <h1
                class="text-h2-sm lg:text-h1-md font-bold break-words"
                style="color: var(--hero-title);"
              >
                Test Title
              </h1>
            </div>
            <div
              data-testid="hero-description"
              initial="hidden"
              transition="[object Object]"
              variants="[object Object]"
              viewport="[object Object]"
              whileinview="show"
            >
              <p
                class="text-para-md lg:text-para-lg leading-relaxed break-words"
                style="color: var(--hero-desc);"
              >
                Test Description
              </p>
            </div>
            <div
              aria-label="Newsletter signup form"
              data-testid="hero-newsletter"
              initial="hidden"
              role="complementary"
              transition="[object Object]"
              variants="[object Object]"
              viewport="[object Object]"
              whileinview="show"
            >
              <div
                class="w-full"
              >
                <form
                  class="space-y-md"
                >
                  <div
                    class="flex flex-col sm:flex-row gap-sm"
                  >
                    <div
                      class="flex-1"
                    >
                      <input
                        aria-label="Email address for newsletter"
                        class="sc-hvigdm kSfWTB w-full min-h-[2.75rem] px-md py-sm rounded-lg font-medium placeholder:font-normal focus:outline-none transition-colors duration-200"
                        name="newsletter-email"
                        placeholder="Enter email"
                        required=""
                        style="background-color: var(--newsletter-input-bg); color: var(--newsletter-input-text); border-color: var(--newsletter-input-border); border-width: 1px; border-style: solid;"
                        type="email"
                        value=""
                      />
                    </div>
                    <button
                      aria-label="Subscribe to newsletter: Subscribe"
                      class="sc-bRKDuR edFsAu w-full sm:w-auto min-h-[2.75rem] px-lg py-sm rounded-lg font-medium transition-all duration-200 disabled:opacity-50 disabled:cursor-not-allowed leading-none text-center no-underline transition-colors duration-200"
                      style="background-color: var(--newsletter-btn-bg); color: var(--newsletter-btn-text); border-color: var(--newsletter-btn-border); border-width: 2px; border-style: solid;"
                      type="submit"
                    >
                      Subscribe
                    </button>
                  </div>
                  <p
                    class="text-para-xs"
                    style="color: var(--newsletter-message-text);"
                  >
                    By clicking Sign Up you're confirming that you agree with our Terms and Conditions.
                  </p>
                </form>
              </div>
            </div>
          </div>
        </div>
      </div>
    </div>
  </section>
</div>
`;
